// Jest Snapshot v1, https://goo.gl/fbAQLP

exports[`<BrowserSupportWarning /> should match existing snapshot 1`] = `
<Alert
  isInline={true}
  title="Browser Warning"
  variant="info"
>
  <p>
    We noticed you are using
     
    <span>
      <strong>
        an unsupported browser
      </strong>
      , which we do not currently support
    </span>
    . You may experience issues.
  </p>
  <p>
    Recommended Browsers:
     
    <a
      href="https://www.google.com/chrome/"
      rel="noreferrer"
      target="_blank"
    >
      Chrome
    </a>
    ,
     
    <a
      href="https://www.mozilla.org/en-US/firefox/new/"
      rel="noreferrer"
      target="_blank"
    >
      Firefox
    </a>
    ,
     
    <span>
      Safari on iOS
    </span>
  </p>
</Alert>
`;
