// Jest Snapshot v1, https://goo.gl/fbAQLP

exports[`Eula Page should match existing snapshot 1`] = `[Function]`;
